// Jest Snapshot v1, https://goo.gl/fbAQLP

exports[`should match Snapshot 1`] = `
Object {
  "asFragment": [Function],
  "baseElement": <body>
    <div>
      <div>
        <div
          aria-hidden="true"
          class="MuiBackdrop-root makeStyles-backdrop-3"
          style="opacity: 1; webkit-transition: opacity 225ms cubic-bezier(0.4, 0, 0.2, 1) 0ms; transition: opacity 225ms cubic-bezier(0.4, 0, 0.2, 1) 0ms;"
        >
          <div
            class="MuiPaper-root MuiSnackbarContent-root MuiPaper-elevation6"
            role="alert"
            style="border-radius: 30px; justify-content: left; height: 220px; width: 480px; background-color: white; color: black; font-size: 18px; padding-left: 40px; padding-right: 40px; padding-top: 0px;"
          >
            <div
              class="MuiSnackbarContent-message"
            >
              message
            </div>
            <div
              class="MuiSnackbarContent-action"
            >
              <button
                class="MuiButtonBase-root MuiButton-root MuiButton-text"
                style="margin-right: 220px; margin-top: -40px; font-weight: 600; color: white; font-size: 15px;"
                tabindex="0"
                type="button"
              >
                <span
                  class="MuiButton-label"
                >
                  OK
                </span>
                <span
                  class="MuiTouchRipple-root"
                />
              </button>
            </div>
          </div>
        </div>
      </div>
    </div>
  </body>,
  "container": <div>
    <div>
      <div
        aria-hidden="true"
        class="MuiBackdrop-root makeStyles-backdrop-3"
        style="opacity: 1; webkit-transition: opacity 225ms cubic-bezier(0.4, 0, 0.2, 1) 0ms; transition: opacity 225ms cubic-bezier(0.4, 0, 0.2, 1) 0ms;"
      >
        <div
          class="MuiPaper-root MuiSnackbarContent-root MuiPaper-elevation6"
          role="alert"
          style="border-radius: 30px; justify-content: left; height: 220px; width: 480px; background-color: white; color: black; font-size: 18px; padding-left: 40px; padding-right: 40px; padding-top: 0px;"
        >
          <div
            class="MuiSnackbarContent-message"
          >
            message
          </div>
          <div
            class="MuiSnackbarContent-action"
          >
            <button
              class="MuiButtonBase-root MuiButton-root MuiButton-text"
              style="margin-right: 220px; margin-top: -40px; font-weight: 600; color: white; font-size: 15px;"
              tabindex="0"
              type="button"
            >
              <span
                class="MuiButton-label"
              >
                OK
              </span>
              <span
                class="MuiTouchRipple-root"
              />
            </button>
          </div>
        </div>
      </div>
    </div>
  </div>,
  "debug": [Function],
  "findAllByAltText": [Function],
  "findAllByDisplayValue": [Function],
  "findAllByLabelText": [Function],
  "findAllByPlaceholderText": [Function],
  "findAllByRole": [Function],
  "findAllByTestId": [Function],
  "findAllByText": [Function],
  "findAllByTitle": [Function],
  "findByAltText": [Function],
  "findByDisplayValue": [Function],
  "findByLabelText": [Function],
  "findByPlaceholderText": [Function],
  "findByRole": [Function],
  "findByTestId": [Function],
  "findByText": [Function],
  "findByTitle": [Function],
  "getAllByAltText": [Function],
  "getAllByDisplayValue": [Function],
  "getAllByLabelText": [Function],
  "getAllByPlaceholderText": [Function],
  "getAllByRole": [Function],
  "getAllByTestId": [Function],
  "getAllByText": [Function],
  "getAllByTitle": [Function],
  "getByAltText": [Function],
  "getByDisplayValue": [Function],
  "getByLabelText": [Function],
  "getByPlaceholderText": [Function],
  "getByRole": [Function],
  "getByTestId": [Function],
  "getByText": [Function],
  "getByTitle": [Function],
  "queryAllByAltText": [Function],
  "queryAllByDisplayValue": [Function],
  "queryAllByLabelText": [Function],
  "queryAllByPlaceholderText": [Function],
  "queryAllByRole": [Function],
  "queryAllByTestId": [Function],
  "queryAllByText": [Function],
  "queryAllByTitle": [Function],
  "queryByAltText": [Function],
  "queryByDisplayValue": [Function],
  "queryByLabelText": [Function],
  "queryByPlaceholderText": [Function],
  "queryByRole": [Function],
  "queryByTestId": [Function],
  "queryByText": [Function],
  "queryByTitle": [Function],
  "rerender": [Function],
  "unmount": [Function],
}
`;
