// Jest Snapshot v1, https://goo.gl/fbAQLP

exports[`should match Snapshot 1`] = `
Object {
  "asFragment": [Function],
  "baseElement": <body>
    <div>
      <div
        class="makeStyles-div-9"
        style="opacity: 0.2; transform: translateX(100vw) translateZ(0);"
      >
        <div
          class="makeStyles-grid-8"
        >
          <div
            class="MuiGrid-root MuiGrid-container"
          >
            <div
              class="MuiGrid-root MuiGrid-container MuiGrid-item MuiGrid-grid-xs-12"
            >
              <div
                class="MuiGrid-root MuiGrid-item MuiGrid-grid-xs-6"
              >
                <a
                  href="/Correctness/Tutorial"
                >
                  <div
                    style="display: inline-block; margin: 10px;"
                  >
                    <div
                      class="makeStyles-root-11"
                    >
                      <button
                        class="MuiButtonBase-root makeStyles-image-12"
                        tabindex="0"
                        type="button"
                      >
                        <span
                          class="makeStyles-imageSrc-15"
                          style="background-color: rgb(213, 213, 213);"
                        />
                        <span
                          class="makeStyles-imageBackdrop-16"
                        />
                        <span
                          class="makeStyles-imageButton-14"
                        >
                          <span
                            class="MuiTypography-root makeStyles-imageTitle-17 MuiTypography-subtitle1 MuiTypography-colorInherit"
                          >
                            Tutorial
                          </span>
                        </span>
                        <span
                          class="MuiTouchRipple-root"
                        />
                      </button>
                    </div>
                    <div
                      class="makeStyles-root-18"
                    >
                      <div
                        aria-valuemax="100"
                        aria-valuemin="0"
                        aria-valuenow="0"
                        class="MuiLinearProgress-root WithStyles(ForwardRef(LinearProgress))-root-19 MuiLinearProgress-colorPrimary WithStyles(ForwardRef(LinearProgress))-colorPrimary-20 MuiLinearProgress-determinate"
                        role="progressbar"
                      >
                        <div
                          class="MuiLinearProgress-bar WithStyles(ForwardRef(LinearProgress))-bar-21 MuiLinearProgress-barColorPrimary MuiLinearProgress-bar1Determinate"
                          style="transform: translateX(-100%);"
                        />
                      </div>
                    </div>
                  </div>
                </a>
              </div>
              <div
                class="MuiGrid-root MuiGrid-item MuiGrid-grid-xs-6"
              >
                <a
                  href="/Page"
                >
                  <div
                    style="display: inline-block; margin: 10px;"
                  >
                    <div
                      class="makeStyles-root-22"
                    >
                      <button
                        class="MuiButtonBase-root makeStyles-image-23"
                        tabindex="0"
                        type="button"
                      >
                        <span
                          class="makeStyles-imageSrc-26"
                          style="background-color: rgb(213, 213, 213);"
                        />
                        <span
                          class="makeStyles-imageBackdrop-27"
                        />
                        <span
                          class="makeStyles-imageButton-25"
                        >
                          <span
                            class="MuiTypography-root makeStyles-imageTitle-28 MuiTypography-subtitle1 MuiTypography-colorInherit"
                          >
                            Proof
                          </span>
                        </span>
                        <span
                          class="MuiTouchRipple-root"
                        />
                      </button>
                    </div>
                    <div
                      class="makeStyles-root-29"
                    >
                      <div
                        aria-valuemax="100"
                        aria-valuemin="0"
                        aria-valuenow="0"
                        class="MuiLinearProgress-root WithStyles(ForwardRef(LinearProgress))-root-30 MuiLinearProgress-colorPrimary WithStyles(ForwardRef(LinearProgress))-colorPrimary-31 MuiLinearProgress-determinate"
                        role="progressbar"
                      >
                        <div
                          class="MuiLinearProgress-bar WithStyles(ForwardRef(LinearProgress))-bar-32 MuiLinearProgress-barColorPrimary MuiLinearProgress-bar1Determinate"
                          style="transform: translateX(-100%);"
                        />
                      </div>
                    </div>
                  </div>
                </a>
              </div>
            </div>
            <div
              class="MuiGrid-root MuiGrid-item MuiGrid-grid-xs-12"
            >
              <div
                class="makeStyles-buttonSet-10"
              >
                <div>
                  <button
                    aria-label="info"
                    class="MuiButtonBase-root MuiIconButton-root"
                    tabindex="0"
                    title="information"
                    type="button"
                  >
                    <span
                      class="MuiIconButton-label"
                    >
                       
                      <svg
                        aria-hidden="true"
                        class="MuiSvgIcon-root"
                        focusable="false"
                        viewBox="0 0 24 24"
                      >
                        <path
                          d="M11 7h2v2h-2zm0 4h2v6h-2zm1-9C6.48 2 2 6.48 2 12s4.48 10 10 10 10-4.48 10-10S17.52 2 12 2zm0 18c-4.41 0-8-3.59-8-8s3.59-8 8-8 8 3.59 8 8-3.59 8-8 8z"
                        />
                      </svg>
                    </span>
                    <span
                      class="MuiTouchRipple-root"
                    />
                  </button>
                  <div
                    class="PrivateSwipeArea-root-41 PrivateSwipeArea-anchorLeft-42"
                    style="width: 20px;"
                  />
                </div>
                <div>
                  <button
                    aria-label="help"
                    class="MuiButtonBase-root MuiIconButton-root"
                    tabindex="0"
                    title="tutorial"
                    type="button"
                  >
                    <span
                      class="MuiIconButton-label"
                    >
                      <svg
                        aria-hidden="true"
                        class="MuiSvgIcon-root"
                        focusable="false"
                        viewBox="0 0 24 24"
                      >
                        <path
                          d="M11 18h2v-2h-2v2zm1-16C6.48 2 2 6.48 2 12s4.48 10 10 10 10-4.48 10-10S17.52 2 12 2zm0 18c-4.41 0-8-3.59-8-8s3.59-8 8-8 8 3.59 8 8-3.59 8-8 8zm0-14c-2.21 0-4 1.79-4 4h2c0-1.1.9-2 2-2s2 .9 2 2c0 2-3 1.75-3 5h2c0-2.25 3-2.5 3-5 0-2.21-1.79-4-4-4z"
                        />
                      </svg>
                    </span>
                    <span
                      class="MuiTouchRipple-root"
                    />
                  </button>
                  <div
                    aria-hidden="true"
                    class="MuiBackdrop-root makeStyles-backdrop-36"
                    style="opacity: 0; visibility: hidden;"
                  >
                    <div
                      class="MuiPaper-root MuiCard-root makeStyles-card-37 MuiPaper-elevation1 MuiPaper-rounded"
                    >
                      <div
                        class="makeStyles-avatar-38"
                      >
                        <button
                          aria-label="close"
                          class="MuiButtonBase-root MuiIconButton-root"
                          tabindex="0"
                          type="button"
                        >
                          <span
                            class="MuiIconButton-label"
                          >
                            <svg
                              aria-hidden="true"
                              class="MuiSvgIcon-root"
                              focusable="false"
                              style="color: rgb(255, 111, 0); opacity: 0.8; font-size: 40px;"
                              viewBox="0 0 24 24"
                            >
                              <path
                                d="M14.59 8L12 10.59 9.41 8 8 9.41 10.59 12 8 14.59 9.41 16 12 13.41 14.59 16 16 14.59 13.41 12 16 9.41 14.59 8zM12 2C6.47 2 2 6.47 2 12s4.47 10 10 10 10-4.47 10-10S17.53 2 12 2zm0 18c-4.41 0-8-3.59-8-8s3.59-8 8-8 8 3.59 8 8-3.59 8-8 8z"
                              />
                            </svg>
                          </span>
                          <span
                            class="MuiTouchRipple-root"
                          />
                        </button>
                      </div>
                      <div>
                        <div>
                          <button
                            class="MuiButtonBase-root MuiCardActionArea-root"
                            style="width: 580px; height: 403px;"
                            tabindex="0"
                            type="button"
                          >
                            <img
                              alt="logo1"
                              heigh="300"
                              src="Chelp1.png"
                              width="587"
                            />
                            <div
                              class="MuiCardContent-root"
                            >
                              <p
                                class="MuiTypography-root MuiTypography-body2 MuiTypography-colorTextSecondary"
                              >
                                This a entry for each sorting algorithm. Choose one and click it to enter next Page. A progress bar is at the bottom, it shows how much you have learnt.
                              </p>
                            </div>
                            <span
                              class="MuiCardActionArea-focusHighlight"
                            />
                            <span
                              class="MuiTouchRipple-root"
                            />
                          </button>
                        </div>
                        <div
                          class="makeStyles-button-39"
                        >
                          <button
                            class="MuiButtonBase-root MuiIconButton-root Mui-disabled MuiIconButton-sizeSmall Mui-disabled"
                            disabled=""
                            style="background-color: rgb(255, 111, 0); opacity: 0.5;"
                            tabindex="-1"
                            type="button"
                          >
                            <span
                              class="MuiIconButton-label"
                            >
                              <svg
                                aria-hidden="true"
                                class="MuiSvgIcon-root"
                                focusable="false"
                                style="color: white; font-size: 40px;"
                                viewBox="0 0 24 24"
                              >
                                <path
                                  d="M15.41 7.41L14 6l-6 6 6 6 1.41-1.41L10.83 12z"
                                />
                              </svg>
                            </span>
                          </button>
                          <button
                            class="MuiButtonBase-root MuiIconButton-root MuiIconButton-sizeSmall"
                            style="background-color: rgb(255, 111, 0); opacity: 0.5;"
                            tabindex="0"
                            type="button"
                          >
                            <span
                              class="MuiIconButton-label"
                            >
                              <svg
                                aria-hidden="true"
                                class="MuiSvgIcon-root"
                                focusable="false"
                                style="color: white; font-size: 40px;"
                                viewBox="0 0 24 24"
                              >
                                <path
                                  d="M10 6L8.59 7.41 13.17 12l-4.58 4.59L10 18l6-6z"
                                />
                              </svg>
                            </span>
                            <span
                              class="MuiTouchRipple-root"
                            />
                          </button>
                        </div>
                      </div>
                    </div>
                  </div>
                </div>
              </div>
            </div>
            <div
              class="MuiGrid-root MuiGrid-item MuiGrid-grid-xs-12"
            >
              <div
                style="margin-left: -8px; margin-top: 50px;"
              >
                <div
                  class="makeStyles-root-6"
                >
                  <a
                    href="/TutorialMainPage"
                    style="text-decoration: none;"
                  >
                    <button
                      class="MuiButtonBase-root MuiButton-root MuiButton-contained makeStyles-button-7"
                      tabindex="0"
                      type="button"
                    >
                      <span
                        class="MuiButton-label"
                      >
                        Tutorial
                      </span>
                      <span
                        class="MuiTouchRipple-root"
                      />
                    </button>
                  </a>
                  <a
                    href="/ProcedureMainPage"
                    style="text-decoration: none;"
                  >
                    <button
                      class="MuiButtonBase-root MuiButton-root MuiButton-contained makeStyles-button-7"
                      tabindex="0"
                      type="button"
                    >
                      <span
                        class="MuiButton-label"
                      >
                        Procedure
                      </span>
                      <span
                        class="MuiTouchRipple-root"
                      />
                    </button>
                  </a>
                  <button
                    class="MuiButtonBase-root MuiButton-root MuiButton-contained makeStyles-button-7 MuiButton-containedPrimary MuiButton-disableElevation"
                    style="color: white; background-color: rgb(255, 111, 0);"
                    tabindex="0"
                    type="button"
                  >
                    <span
                      class="MuiButton-label"
                    >
                      Correctness
                    </span>
                    <span
                      class="MuiTouchRipple-root"
                    />
                  </button>
                </div>
              </div>
            </div>
          </div>
        </div>
      </div>
    </div>
  </body>,
  "container": <div>
    <div
      class="makeStyles-div-9"
      style="opacity: 0.2; transform: translateX(100vw) translateZ(0);"
    >
      <div
        class="makeStyles-grid-8"
      >
        <div
          class="MuiGrid-root MuiGrid-container"
        >
          <div
            class="MuiGrid-root MuiGrid-container MuiGrid-item MuiGrid-grid-xs-12"
          >
            <div
              class="MuiGrid-root MuiGrid-item MuiGrid-grid-xs-6"
            >
              <a
                href="/Correctness/Tutorial"
              >
                <div
                  style="display: inline-block; margin: 10px;"
                >
                  <div
                    class="makeStyles-root-11"
                  >
                    <button
                      class="MuiButtonBase-root makeStyles-image-12"
                      tabindex="0"
                      type="button"
                    >
                      <span
                        class="makeStyles-imageSrc-15"
                        style="background-color: rgb(213, 213, 213);"
                      />
                      <span
                        class="makeStyles-imageBackdrop-16"
                      />
                      <span
                        class="makeStyles-imageButton-14"
                      >
                        <span
                          class="MuiTypography-root makeStyles-imageTitle-17 MuiTypography-subtitle1 MuiTypography-colorInherit"
                        >
                          Tutorial
                        </span>
                      </span>
                      <span
                        class="MuiTouchRipple-root"
                      />
                    </button>
                  </div>
                  <div
                    class="makeStyles-root-18"
                  >
                    <div
                      aria-valuemax="100"
                      aria-valuemin="0"
                      aria-valuenow="0"
                      class="MuiLinearProgress-root WithStyles(ForwardRef(LinearProgress))-root-19 MuiLinearProgress-colorPrimary WithStyles(ForwardRef(LinearProgress))-colorPrimary-20 MuiLinearProgress-determinate"
                      role="progressbar"
                    >
                      <div
                        class="MuiLinearProgress-bar WithStyles(ForwardRef(LinearProgress))-bar-21 MuiLinearProgress-barColorPrimary MuiLinearProgress-bar1Determinate"
                        style="transform: translateX(-100%);"
                      />
                    </div>
                  </div>
                </div>
              </a>
            </div>
            <div
              class="MuiGrid-root MuiGrid-item MuiGrid-grid-xs-6"
            >
              <a
                href="/Page"
              >
                <div
                  style="display: inline-block; margin: 10px;"
                >
                  <div
                    class="makeStyles-root-22"
                  >
                    <button
                      class="MuiButtonBase-root makeStyles-image-23"
                      tabindex="0"
                      type="button"
                    >
                      <span
                        class="makeStyles-imageSrc-26"
                        style="background-color: rgb(213, 213, 213);"
                      />
                      <span
                        class="makeStyles-imageBackdrop-27"
                      />
                      <span
                        class="makeStyles-imageButton-25"
                      >
                        <span
                          class="MuiTypography-root makeStyles-imageTitle-28 MuiTypography-subtitle1 MuiTypography-colorInherit"
                        >
                          Proof
                        </span>
                      </span>
                      <span
                        class="MuiTouchRipple-root"
                      />
                    </button>
                  </div>
                  <div
                    class="makeStyles-root-29"
                  >
                    <div
                      aria-valuemax="100"
                      aria-valuemin="0"
                      aria-valuenow="0"
                      class="MuiLinearProgress-root WithStyles(ForwardRef(LinearProgress))-root-30 MuiLinearProgress-colorPrimary WithStyles(ForwardRef(LinearProgress))-colorPrimary-31 MuiLinearProgress-determinate"
                      role="progressbar"
                    >
                      <div
                        class="MuiLinearProgress-bar WithStyles(ForwardRef(LinearProgress))-bar-32 MuiLinearProgress-barColorPrimary MuiLinearProgress-bar1Determinate"
                        style="transform: translateX(-100%);"
                      />
                    </div>
                  </div>
                </div>
              </a>
            </div>
          </div>
          <div
            class="MuiGrid-root MuiGrid-item MuiGrid-grid-xs-12"
          >
            <div
              class="makeStyles-buttonSet-10"
            >
              <div>
                <button
                  aria-label="info"
                  class="MuiButtonBase-root MuiIconButton-root"
                  tabindex="0"
                  title="information"
                  type="button"
                >
                  <span
                    class="MuiIconButton-label"
                  >
                     
                    <svg
                      aria-hidden="true"
                      class="MuiSvgIcon-root"
                      focusable="false"
                      viewBox="0 0 24 24"
                    >
                      <path
                        d="M11 7h2v2h-2zm0 4h2v6h-2zm1-9C6.48 2 2 6.48 2 12s4.48 10 10 10 10-4.48 10-10S17.52 2 12 2zm0 18c-4.41 0-8-3.59-8-8s3.59-8 8-8 8 3.59 8 8-3.59 8-8 8z"
                      />
                    </svg>
                  </span>
                  <span
                    class="MuiTouchRipple-root"
                  />
                </button>
                <div
                  class="PrivateSwipeArea-root-41 PrivateSwipeArea-anchorLeft-42"
                  style="width: 20px;"
                />
              </div>
              <div>
                <button
                  aria-label="help"
                  class="MuiButtonBase-root MuiIconButton-root"
                  tabindex="0"
                  title="tutorial"
                  type="button"
                >
                  <span
                    class="MuiIconButton-label"
                  >
                    <svg
                      aria-hidden="true"
                      class="MuiSvgIcon-root"
                      focusable="false"
                      viewBox="0 0 24 24"
                    >
                      <path
                        d="M11 18h2v-2h-2v2zm1-16C6.48 2 2 6.48 2 12s4.48 10 10 10 10-4.48 10-10S17.52 2 12 2zm0 18c-4.41 0-8-3.59-8-8s3.59-8 8-8 8 3.59 8 8-3.59 8-8 8zm0-14c-2.21 0-4 1.79-4 4h2c0-1.1.9-2 2-2s2 .9 2 2c0 2-3 1.75-3 5h2c0-2.25 3-2.5 3-5 0-2.21-1.79-4-4-4z"
                      />
                    </svg>
                  </span>
                  <span
                    class="MuiTouchRipple-root"
                  />
                </button>
                <div
                  aria-hidden="true"
                  class="MuiBackdrop-root makeStyles-backdrop-36"
                  style="opacity: 0; visibility: hidden;"
                >
                  <div
                    class="MuiPaper-root MuiCard-root makeStyles-card-37 MuiPaper-elevation1 MuiPaper-rounded"
                  >
                    <div
                      class="makeStyles-avatar-38"
                    >
                      <button
                        aria-label="close"
                        class="MuiButtonBase-root MuiIconButton-root"
                        tabindex="0"
                        type="button"
                      >
                        <span
                          class="MuiIconButton-label"
                        >
                          <svg
                            aria-hidden="true"
                            class="MuiSvgIcon-root"
                            focusable="false"
                            style="color: rgb(255, 111, 0); opacity: 0.8; font-size: 40px;"
                            viewBox="0 0 24 24"
                          >
                            <path
                              d="M14.59 8L12 10.59 9.41 8 8 9.41 10.59 12 8 14.59 9.41 16 12 13.41 14.59 16 16 14.59 13.41 12 16 9.41 14.59 8zM12 2C6.47 2 2 6.47 2 12s4.47 10 10 10 10-4.47 10-10S17.53 2 12 2zm0 18c-4.41 0-8-3.59-8-8s3.59-8 8-8 8 3.59 8 8-3.59 8-8 8z"
                            />
                          </svg>
                        </span>
                        <span
                          class="MuiTouchRipple-root"
                        />
                      </button>
                    </div>
                    <div>
                      <div>
                        <button
                          class="MuiButtonBase-root MuiCardActionArea-root"
                          style="width: 580px; height: 403px;"
                          tabindex="0"
                          type="button"
                        >
                          <img
                            alt="logo1"
                            heigh="300"
                            src="Chelp1.png"
                            width="587"
                          />
                          <div
                            class="MuiCardContent-root"
                          >
                            <p
                              class="MuiTypography-root MuiTypography-body2 MuiTypography-colorTextSecondary"
                            >
                              This a entry for each sorting algorithm. Choose one and click it to enter next Page. A progress bar is at the bottom, it shows how much you have learnt.
                            </p>
                          </div>
                          <span
                            class="MuiCardActionArea-focusHighlight"
                          />
                          <span
                            class="MuiTouchRipple-root"
                          />
                        </button>
                      </div>
                      <div
                        class="makeStyles-button-39"
                      >
                        <button
                          class="MuiButtonBase-root MuiIconButton-root Mui-disabled MuiIconButton-sizeSmall Mui-disabled"
                          disabled=""
                          style="background-color: rgb(255, 111, 0); opacity: 0.5;"
                          tabindex="-1"
                          type="button"
                        >
                          <span
                            class="MuiIconButton-label"
                          >
                            <svg
                              aria-hidden="true"
                              class="MuiSvgIcon-root"
                              focusable="false"
                              style="color: white; font-size: 40px;"
                              viewBox="0 0 24 24"
                            >
                              <path
                                d="M15.41 7.41L14 6l-6 6 6 6 1.41-1.41L10.83 12z"
                              />
                            </svg>
                          </span>
                        </button>
                        <button
                          class="MuiButtonBase-root MuiIconButton-root MuiIconButton-sizeSmall"
                          style="background-color: rgb(255, 111, 0); opacity: 0.5;"
                          tabindex="0"
                          type="button"
                        >
                          <span
                            class="MuiIconButton-label"
                          >
                            <svg
                              aria-hidden="true"
                              class="MuiSvgIcon-root"
                              focusable="false"
                              style="color: white; font-size: 40px;"
                              viewBox="0 0 24 24"
                            >
                              <path
                                d="M10 6L8.59 7.41 13.17 12l-4.58 4.59L10 18l6-6z"
                              />
                            </svg>
                          </span>
                          <span
                            class="MuiTouchRipple-root"
                          />
                        </button>
                      </div>
                    </div>
                  </div>
                </div>
              </div>
            </div>
          </div>
          <div
            class="MuiGrid-root MuiGrid-item MuiGrid-grid-xs-12"
          >
            <div
              style="margin-left: -8px; margin-top: 50px;"
            >
              <div
                class="makeStyles-root-6"
              >
                <a
                  href="/TutorialMainPage"
                  style="text-decoration: none;"
                >
                  <button
                    class="MuiButtonBase-root MuiButton-root MuiButton-contained makeStyles-button-7"
                    tabindex="0"
                    type="button"
                  >
                    <span
                      class="MuiButton-label"
                    >
                      Tutorial
                    </span>
                    <span
                      class="MuiTouchRipple-root"
                    />
                  </button>
                </a>
                <a
                  href="/ProcedureMainPage"
                  style="text-decoration: none;"
                >
                  <button
                    class="MuiButtonBase-root MuiButton-root MuiButton-contained makeStyles-button-7"
                    tabindex="0"
                    type="button"
                  >
                    <span
                      class="MuiButton-label"
                    >
                      Procedure
                    </span>
                    <span
                      class="MuiTouchRipple-root"
                    />
                  </button>
                </a>
                <button
                  class="MuiButtonBase-root MuiButton-root MuiButton-contained makeStyles-button-7 MuiButton-containedPrimary MuiButton-disableElevation"
                  style="color: white; background-color: rgb(255, 111, 0);"
                  tabindex="0"
                  type="button"
                >
                  <span
                    class="MuiButton-label"
                  >
                    Correctness
                  </span>
                  <span
                    class="MuiTouchRipple-root"
                  />
                </button>
              </div>
            </div>
          </div>
        </div>
      </div>
    </div>
  </div>,
  "debug": [Function],
  "findAllByAltText": [Function],
  "findAllByDisplayValue": [Function],
  "findAllByLabelText": [Function],
  "findAllByPlaceholderText": [Function],
  "findAllByRole": [Function],
  "findAllByTestId": [Function],
  "findAllByText": [Function],
  "findAllByTitle": [Function],
  "findByAltText": [Function],
  "findByDisplayValue": [Function],
  "findByLabelText": [Function],
  "findByPlaceholderText": [Function],
  "findByRole": [Function],
  "findByTestId": [Function],
  "findByText": [Function],
  "findByTitle": [Function],
  "getAllByAltText": [Function],
  "getAllByDisplayValue": [Function],
  "getAllByLabelText": [Function],
  "getAllByPlaceholderText": [Function],
  "getAllByRole": [Function],
  "getAllByTestId": [Function],
  "getAllByText": [Function],
  "getAllByTitle": [Function],
  "getByAltText": [Function],
  "getByDisplayValue": [Function],
  "getByLabelText": [Function],
  "getByPlaceholderText": [Function],
  "getByRole": [Function],
  "getByTestId": [Function],
  "getByText": [Function],
  "getByTitle": [Function],
  "queryAllByAltText": [Function],
  "queryAllByDisplayValue": [Function],
  "queryAllByLabelText": [Function],
  "queryAllByPlaceholderText": [Function],
  "queryAllByRole": [Function],
  "queryAllByTestId": [Function],
  "queryAllByText": [Function],
  "queryAllByTitle": [Function],
  "queryByAltText": [Function],
  "queryByDisplayValue": [Function],
  "queryByLabelText": [Function],
  "queryByPlaceholderText": [Function],
  "queryByRole": [Function],
  "queryByTestId": [Function],
  "queryByText": [Function],
  "queryByTitle": [Function],
  "rerender": [Function],
  "unmount": [Function],
}
`;
