// Jest Snapshot v1, https://goo.gl/fbAQLP

exports[`should match Snapshot 1`] = `
Object {
  "asFragment": [Function],
  "baseElement": <body>
    <div>
      <div>
        <header
          class="MuiPaper-root MuiAppBar-root MuiAppBar-positionFixed MuiAppBar-colorPrimary makeStyles-appBar1-14 mui-fixed MuiPaper-elevation4"
        >
          <div
            class="makeStyles-div-16"
          >
            <button
              class="MuiButtonBase-root MuiButton-root MuiButton-text makeStyles-icon-17"
              tabindex="0"
              type="button"
            >
              <span
                class="MuiButton-label"
              >
                <svg
                  aria-hidden="true"
                  class="MuiSvgIcon-root"
                  focusable="false"
                  style="font-size: 30px; color: rgb(255, 255, 255);"
                  viewBox="0 0 24 24"
                >
                  <path
                    d="M10 20v-6h4v6h5v-8h3L12 3 2 12h3v8z"
                  />
                </svg>
              </span>
              <span
                class="MuiTouchRipple-root"
              />
            </button>
            <div
              class="MuiChip-root makeStyles-chip-18"
            >
              <span
                class="MuiChip-label"
              >
                Input
              </span>
            </div>
          </div>
        </header>
        <main
          class="makeStyles-content-20"
        >
          <div
            class="MuiDrawer-root MuiDrawer-docked makeStyles-drawer-21"
          >
            <div
              class="MuiPaper-root MuiDrawer-paper makeStyles-drawerPaper-22 MuiDrawer-paperAnchorLeft MuiDrawer-paperAnchorDockedLeft MuiPaper-elevation0"
            >
              <div
                class="makeStyles-drawerContainer-23"
              >
                <ul
                  class="MuiList-root MuiList-padding"
                >
                  <li
                    class="MuiListItem-root makeStyles-listHeader-24 MuiListItem-gutters"
                  >
                    <div
                      class="MuiListItemText-root"
                    >
                      <span
                        class="MuiTypography-root MuiListItemText-primary MuiTypography-body1 MuiTypography-displayBlock"
                      >
                        Catalogue
                      </span>
                    </div>
                  </li>
                </ul>
                <hr
                  class="MuiDivider-root"
                />
                <ul
                  class="MuiList-root MuiList-padding"
                >
                  <li
                    class="MuiListItem-root makeStyles-listItem-25 MuiListItem-gutters"
                  >
                    <div
                      class="MuiListItemText-root"
                    >
                      <span
                        class="MuiTypography-root MuiListItemText-primary MuiTypography-body1 MuiTypography-displayBlock"
                      >
                        Input
                      </span>
                    </div>
                  </li>
                  <div
                    aria-disabled="false"
                    class="MuiButtonBase-root MuiListItem-root makeStyles-hightlightItem-26 MuiListItem-gutters MuiListItem-button"
                    role="button"
                    tabindex="0"
                  >
                    <div
                      class="MuiListItemIcon-root"
                    >
                      <svg
                        aria-hidden="true"
                        class="MuiSvgIcon-root"
                        focusable="false"
                        viewBox="0 0 24 24"
                      >
                        <path
                          d="M10 6L8.59 7.41 13.17 12l-4.58 4.59L10 18l6-6z"
                        />
                      </svg>
                    </div>
                    <div
                      class="MuiListItemText-root"
                    >
                      <span
                        class="MuiTypography-root MuiListItemText-primary MuiTypography-body1 MuiTypography-displayBlock"
                      >
                        Input
                      </span>
                    </div>
                    <span
                      class="MuiTouchRipple-root"
                    />
                  </div>
                </ul>
                <hr
                  class="MuiDivider-root"
                />
                <ul
                  class="MuiList-root MuiList-padding"
                >
                  <li
                    class="MuiListItem-root makeStyles-listItem-25 MuiListItem-gutters"
                  >
                    <div
                      class="MuiListItemText-root"
                    >
                      <span
                        class="MuiTypography-root MuiListItemText-primary MuiTypography-body1 MuiTypography-displayBlock"
                      >
                        Termination
                      </span>
                    </div>
                  </li>
                  <div
                    aria-disabled="false"
                    class="MuiButtonBase-root MuiListItem-root makeStyles-listItem-25 MuiListItem-gutters MuiListItem-button"
                    role="button"
                    tabindex="0"
                  >
                    <div
                      class="MuiListItemIcon-root"
                    >
                      <svg
                        aria-hidden="true"
                        class="MuiSvgIcon-root"
                        focusable="false"
                        viewBox="0 0 24 24"
                      >
                        <path
                          d="M10 6L8.59 7.41 13.17 12l-4.58 4.59L10 18l6-6z"
                        />
                      </svg>
                    </div>
                    <div
                      class="MuiListItemText-root"
                    >
                      <span
                        class="MuiTypography-root MuiListItemText-primary MuiTypography-body1 MuiTypography-displayBlock"
                      >
                        Termination
                      </span>
                    </div>
                    <span
                      class="MuiTouchRipple-root"
                    />
                  </div>
                </ul>
                <hr
                  class="MuiDivider-root"
                />
                <ul
                  class="MuiList-root MuiList-padding"
                >
                  <li
                    class="MuiListItem-root makeStyles-listItem-25 MuiListItem-gutters"
                  >
                    <div
                      class="MuiListItemText-root"
                    >
                      <span
                        class="MuiTypography-root MuiListItemText-primary MuiTypography-body1 MuiTypography-displayBlock"
                      >
                        Correctness
                      </span>
                    </div>
                  </li>
                  <div
                    aria-disabled="false"
                    class="MuiButtonBase-root MuiListItem-root makeStyles-listItem-25 MuiListItem-gutters MuiListItem-button"
                    role="button"
                    tabindex="0"
                  >
                    <div
                      class="MuiListItemIcon-root"
                    >
                      <svg
                        aria-hidden="true"
                        class="MuiSvgIcon-root"
                        focusable="false"
                        viewBox="0 0 24 24"
                      >
                        <path
                          d="M10 6L8.59 7.41 13.17 12l-4.58 4.59L10 18l6-6z"
                        />
                      </svg>
                    </div>
                    <div
                      class="MuiListItemText-root"
                    >
                      <span
                        class="MuiTypography-root MuiListItemText-primary MuiTypography-body1 MuiTypography-displayBlock"
                      >
                        Comparison
                      </span>
                    </div>
                    <span
                      class="MuiTouchRipple-root"
                    />
                  </div>
                  <div
                    aria-disabled="false"
                    class="MuiButtonBase-root MuiListItem-root makeStyles-listItem-25 MuiListItem-gutters MuiListItem-button"
                    role="button"
                    tabindex="0"
                  >
                    <div
                      class="MuiListItemIcon-root"
                    >
                      <svg
                        aria-hidden="true"
                        class="MuiSvgIcon-root"
                        focusable="false"
                        viewBox="0 0 24 24"
                      >
                        <path
                          d="M10 6L8.59 7.41 13.17 12l-4.58 4.59L10 18l6-6z"
                        />
                      </svg>
                    </div>
                    <div
                      class="MuiListItemText-root"
                    >
                      <span
                        class="MuiTypography-root MuiListItemText-primary MuiTypography-body1 MuiTypography-displayBlock"
                      >
                        Partial Correctness
                      </span>
                    </div>
                    <span
                      class="MuiTouchRipple-root"
                    />
                  </div>
                  <div
                    aria-disabled="false"
                    class="MuiButtonBase-root MuiListItem-root makeStyles-listItem-25 MuiListItem-gutters MuiListItem-button"
                    role="button"
                    tabindex="0"
                  >
                    <div
                      class="MuiListItemIcon-root"
                    >
                      <svg
                        aria-hidden="true"
                        class="MuiSvgIcon-root"
                        focusable="false"
                        viewBox="0 0 24 24"
                      >
                        <path
                          d="M10 6L8.59 7.41 13.17 12l-4.58 4.59L10 18l6-6z"
                        />
                      </svg>
                    </div>
                    <div
                      class="MuiListItemText-root"
                    >
                      <span
                        class="MuiTypography-root MuiListItemText-primary MuiTypography-body1 MuiTypography-displayBlock"
                      >
                        Total Correctness
                      </span>
                    </div>
                    <span
                      class="MuiTouchRipple-root"
                    />
                  </div>
                  <div
                    aria-disabled="false"
                    class="MuiButtonBase-root MuiListItem-root makeStyles-listItem-25 MuiListItem-gutters MuiListItem-button"
                    role="button"
                    tabindex="0"
                  >
                    <div
                      class="MuiListItemIcon-root"
                    >
                      <svg
                        aria-hidden="true"
                        class="MuiSvgIcon-root"
                        focusable="false"
                        viewBox="0 0 24 24"
                      >
                        <path
                          d="M10 6L8.59 7.41 13.17 12l-4.58 4.59L10 18l6-6z"
                        />
                      </svg>
                    </div>
                    <div
                      class="MuiListItemText-root"
                    >
                      <span
                        class="MuiTypography-root MuiListItemText-primary MuiTypography-body1 MuiTypography-displayBlock"
                      >
                        Conclusion
                      </span>
                    </div>
                    <span
                      class="MuiTouchRipple-root"
                    />
                  </div>
                </ul>
              </div>
            </div>
          </div>
          <div>
            mockInputTutorial
          </div>
        </main>
        <header
          class="MuiPaper-root MuiAppBar-root MuiAppBar-positionFixed MuiAppBar-colorPrimary makeStyles-appBar2-15 mui-fixed MuiPaper-elevation4"
        >
          <div
            class="MuiPaper-root MuiMobileStepper-root MuiMobileStepper-positionStatic makeStyles-stepper-19 MuiPaper-elevation0"
            middlebutton="[object Object]"
          >
            <button
              class="MuiButtonBase-root MuiButton-root MuiButton-contained MuiButton-containedSizeSmall MuiButton-sizeSmall Mui-disabled Mui-disabled"
              disabled=""
              style="background-color: rgb(255, 111, 0); color: rgb(255, 255, 255);"
              tabindex="-1"
              type="button"
            >
              <span
                class="MuiButton-label"
              >
                Back
              </span>
            </button>
            1
             / 
            6
            <button
              class="MuiButtonBase-root MuiButton-root MuiButton-contained MuiButton-containedSizeSmall MuiButton-sizeSmall"
              style="background-color: rgb(255, 111, 0); color: rgb(255, 255, 255);"
              tabindex="0"
              type="button"
            >
              <span
                class="MuiButton-label"
              >
                Next
              </span>
              <span
                class="MuiTouchRipple-root"
              />
            </button>
          </div>
        </header>
      </div>
    </div>
  </body>,
  "container": <div>
    <div>
      <header
        class="MuiPaper-root MuiAppBar-root MuiAppBar-positionFixed MuiAppBar-colorPrimary makeStyles-appBar1-14 mui-fixed MuiPaper-elevation4"
      >
        <div
          class="makeStyles-div-16"
        >
          <button
            class="MuiButtonBase-root MuiButton-root MuiButton-text makeStyles-icon-17"
            tabindex="0"
            type="button"
          >
            <span
              class="MuiButton-label"
            >
              <svg
                aria-hidden="true"
                class="MuiSvgIcon-root"
                focusable="false"
                style="font-size: 30px; color: rgb(255, 255, 255);"
                viewBox="0 0 24 24"
              >
                <path
                  d="M10 20v-6h4v6h5v-8h3L12 3 2 12h3v8z"
                />
              </svg>
            </span>
            <span
              class="MuiTouchRipple-root"
            />
          </button>
          <div
            class="MuiChip-root makeStyles-chip-18"
          >
            <span
              class="MuiChip-label"
            >
              Input
            </span>
          </div>
        </div>
      </header>
      <main
        class="makeStyles-content-20"
      >
        <div
          class="MuiDrawer-root MuiDrawer-docked makeStyles-drawer-21"
        >
          <div
            class="MuiPaper-root MuiDrawer-paper makeStyles-drawerPaper-22 MuiDrawer-paperAnchorLeft MuiDrawer-paperAnchorDockedLeft MuiPaper-elevation0"
          >
            <div
              class="makeStyles-drawerContainer-23"
            >
              <ul
                class="MuiList-root MuiList-padding"
              >
                <li
                  class="MuiListItem-root makeStyles-listHeader-24 MuiListItem-gutters"
                >
                  <div
                    class="MuiListItemText-root"
                  >
                    <span
                      class="MuiTypography-root MuiListItemText-primary MuiTypography-body1 MuiTypography-displayBlock"
                    >
                      Catalogue
                    </span>
                  </div>
                </li>
              </ul>
              <hr
                class="MuiDivider-root"
              />
              <ul
                class="MuiList-root MuiList-padding"
              >
                <li
                  class="MuiListItem-root makeStyles-listItem-25 MuiListItem-gutters"
                >
                  <div
                    class="MuiListItemText-root"
                  >
                    <span
                      class="MuiTypography-root MuiListItemText-primary MuiTypography-body1 MuiTypography-displayBlock"
                    >
                      Input
                    </span>
                  </div>
                </li>
                <div
                  aria-disabled="false"
                  class="MuiButtonBase-root MuiListItem-root makeStyles-hightlightItem-26 MuiListItem-gutters MuiListItem-button"
                  role="button"
                  tabindex="0"
                >
                  <div
                    class="MuiListItemIcon-root"
                  >
                    <svg
                      aria-hidden="true"
                      class="MuiSvgIcon-root"
                      focusable="false"
                      viewBox="0 0 24 24"
                    >
                      <path
                        d="M10 6L8.59 7.41 13.17 12l-4.58 4.59L10 18l6-6z"
                      />
                    </svg>
                  </div>
                  <div
                    class="MuiListItemText-root"
                  >
                    <span
                      class="MuiTypography-root MuiListItemText-primary MuiTypography-body1 MuiTypography-displayBlock"
                    >
                      Input
                    </span>
                  </div>
                  <span
                    class="MuiTouchRipple-root"
                  />
                </div>
              </ul>
              <hr
                class="MuiDivider-root"
              />
              <ul
                class="MuiList-root MuiList-padding"
              >
                <li
                  class="MuiListItem-root makeStyles-listItem-25 MuiListItem-gutters"
                >
                  <div
                    class="MuiListItemText-root"
                  >
                    <span
                      class="MuiTypography-root MuiListItemText-primary MuiTypography-body1 MuiTypography-displayBlock"
                    >
                      Termination
                    </span>
                  </div>
                </li>
                <div
                  aria-disabled="false"
                  class="MuiButtonBase-root MuiListItem-root makeStyles-listItem-25 MuiListItem-gutters MuiListItem-button"
                  role="button"
                  tabindex="0"
                >
                  <div
                    class="MuiListItemIcon-root"
                  >
                    <svg
                      aria-hidden="true"
                      class="MuiSvgIcon-root"
                      focusable="false"
                      viewBox="0 0 24 24"
                    >
                      <path
                        d="M10 6L8.59 7.41 13.17 12l-4.58 4.59L10 18l6-6z"
                      />
                    </svg>
                  </div>
                  <div
                    class="MuiListItemText-root"
                  >
                    <span
                      class="MuiTypography-root MuiListItemText-primary MuiTypography-body1 MuiTypography-displayBlock"
                    >
                      Termination
                    </span>
                  </div>
                  <span
                    class="MuiTouchRipple-root"
                  />
                </div>
              </ul>
              <hr
                class="MuiDivider-root"
              />
              <ul
                class="MuiList-root MuiList-padding"
              >
                <li
                  class="MuiListItem-root makeStyles-listItem-25 MuiListItem-gutters"
                >
                  <div
                    class="MuiListItemText-root"
                  >
                    <span
                      class="MuiTypography-root MuiListItemText-primary MuiTypography-body1 MuiTypography-displayBlock"
                    >
                      Correctness
                    </span>
                  </div>
                </li>
                <div
                  aria-disabled="false"
                  class="MuiButtonBase-root MuiListItem-root makeStyles-listItem-25 MuiListItem-gutters MuiListItem-button"
                  role="button"
                  tabindex="0"
                >
                  <div
                    class="MuiListItemIcon-root"
                  >
                    <svg
                      aria-hidden="true"
                      class="MuiSvgIcon-root"
                      focusable="false"
                      viewBox="0 0 24 24"
                    >
                      <path
                        d="M10 6L8.59 7.41 13.17 12l-4.58 4.59L10 18l6-6z"
                      />
                    </svg>
                  </div>
                  <div
                    class="MuiListItemText-root"
                  >
                    <span
                      class="MuiTypography-root MuiListItemText-primary MuiTypography-body1 MuiTypography-displayBlock"
                    >
                      Comparison
                    </span>
                  </div>
                  <span
                    class="MuiTouchRipple-root"
                  />
                </div>
                <div
                  aria-disabled="false"
                  class="MuiButtonBase-root MuiListItem-root makeStyles-listItem-25 MuiListItem-gutters MuiListItem-button"
                  role="button"
                  tabindex="0"
                >
                  <div
                    class="MuiListItemIcon-root"
                  >
                    <svg
                      aria-hidden="true"
                      class="MuiSvgIcon-root"
                      focusable="false"
                      viewBox="0 0 24 24"
                    >
                      <path
                        d="M10 6L8.59 7.41 13.17 12l-4.58 4.59L10 18l6-6z"
                      />
                    </svg>
                  </div>
                  <div
                    class="MuiListItemText-root"
                  >
                    <span
                      class="MuiTypography-root MuiListItemText-primary MuiTypography-body1 MuiTypography-displayBlock"
                    >
                      Partial Correctness
                    </span>
                  </div>
                  <span
                    class="MuiTouchRipple-root"
                  />
                </div>
                <div
                  aria-disabled="false"
                  class="MuiButtonBase-root MuiListItem-root makeStyles-listItem-25 MuiListItem-gutters MuiListItem-button"
                  role="button"
                  tabindex="0"
                >
                  <div
                    class="MuiListItemIcon-root"
                  >
                    <svg
                      aria-hidden="true"
                      class="MuiSvgIcon-root"
                      focusable="false"
                      viewBox="0 0 24 24"
                    >
                      <path
                        d="M10 6L8.59 7.41 13.17 12l-4.58 4.59L10 18l6-6z"
                      />
                    </svg>
                  </div>
                  <div
                    class="MuiListItemText-root"
                  >
                    <span
                      class="MuiTypography-root MuiListItemText-primary MuiTypography-body1 MuiTypography-displayBlock"
                    >
                      Total Correctness
                    </span>
                  </div>
                  <span
                    class="MuiTouchRipple-root"
                  />
                </div>
                <div
                  aria-disabled="false"
                  class="MuiButtonBase-root MuiListItem-root makeStyles-listItem-25 MuiListItem-gutters MuiListItem-button"
                  role="button"
                  tabindex="0"
                >
                  <div
                    class="MuiListItemIcon-root"
                  >
                    <svg
                      aria-hidden="true"
                      class="MuiSvgIcon-root"
                      focusable="false"
                      viewBox="0 0 24 24"
                    >
                      <path
                        d="M10 6L8.59 7.41 13.17 12l-4.58 4.59L10 18l6-6z"
                      />
                    </svg>
                  </div>
                  <div
                    class="MuiListItemText-root"
                  >
                    <span
                      class="MuiTypography-root MuiListItemText-primary MuiTypography-body1 MuiTypography-displayBlock"
                    >
                      Conclusion
                    </span>
                  </div>
                  <span
                    class="MuiTouchRipple-root"
                  />
                </div>
              </ul>
            </div>
          </div>
        </div>
        <div>
          mockInputTutorial
        </div>
      </main>
      <header
        class="MuiPaper-root MuiAppBar-root MuiAppBar-positionFixed MuiAppBar-colorPrimary makeStyles-appBar2-15 mui-fixed MuiPaper-elevation4"
      >
        <div
          class="MuiPaper-root MuiMobileStepper-root MuiMobileStepper-positionStatic makeStyles-stepper-19 MuiPaper-elevation0"
          middlebutton="[object Object]"
        >
          <button
            class="MuiButtonBase-root MuiButton-root MuiButton-contained MuiButton-containedSizeSmall MuiButton-sizeSmall Mui-disabled Mui-disabled"
            disabled=""
            style="background-color: rgb(255, 111, 0); color: rgb(255, 255, 255);"
            tabindex="-1"
            type="button"
          >
            <span
              class="MuiButton-label"
            >
              Back
            </span>
          </button>
          1
           / 
          6
          <button
            class="MuiButtonBase-root MuiButton-root MuiButton-contained MuiButton-containedSizeSmall MuiButton-sizeSmall"
            style="background-color: rgb(255, 111, 0); color: rgb(255, 255, 255);"
            tabindex="0"
            type="button"
          >
            <span
              class="MuiButton-label"
            >
              Next
            </span>
            <span
              class="MuiTouchRipple-root"
            />
          </button>
        </div>
      </header>
    </div>
  </div>,
  "debug": [Function],
  "findAllByAltText": [Function],
  "findAllByDisplayValue": [Function],
  "findAllByLabelText": [Function],
  "findAllByPlaceholderText": [Function],
  "findAllByRole": [Function],
  "findAllByTestId": [Function],
  "findAllByText": [Function],
  "findAllByTitle": [Function],
  "findByAltText": [Function],
  "findByDisplayValue": [Function],
  "findByLabelText": [Function],
  "findByPlaceholderText": [Function],
  "findByRole": [Function],
  "findByTestId": [Function],
  "findByText": [Function],
  "findByTitle": [Function],
  "getAllByAltText": [Function],
  "getAllByDisplayValue": [Function],
  "getAllByLabelText": [Function],
  "getAllByPlaceholderText": [Function],
  "getAllByRole": [Function],
  "getAllByTestId": [Function],
  "getAllByText": [Function],
  "getAllByTitle": [Function],
  "getByAltText": [Function],
  "getByDisplayValue": [Function],
  "getByLabelText": [Function],
  "getByPlaceholderText": [Function],
  "getByRole": [Function],
  "getByTestId": [Function],
  "getByText": [Function],
  "getByTitle": [Function],
  "queryAllByAltText": [Function],
  "queryAllByDisplayValue": [Function],
  "queryAllByLabelText": [Function],
  "queryAllByPlaceholderText": [Function],
  "queryAllByRole": [Function],
  "queryAllByTestId": [Function],
  "queryAllByText": [Function],
  "queryAllByTitle": [Function],
  "queryByAltText": [Function],
  "queryByDisplayValue": [Function],
  "queryByLabelText": [Function],
  "queryByPlaceholderText": [Function],
  "queryByRole": [Function],
  "queryByTestId": [Function],
  "queryByText": [Function],
  "queryByTitle": [Function],
  "rerender": [Function],
  "unmount": [Function],
}
`;
